WARNING: All log messages before absl::InitializeLog() is called are written to STDERR
I0000 00:00:1791095120.176700    3256 port.cc:153] oneDNN custom operations are on. You may see slightly different numerical results due to floating-point round-off errors from different computation orders. To turn them off, set the environment variable `TF_ENABLE_ONEDNN_OPTS=0`.
WARNING: All log messages before absl::InitializeLog() is called are written to STDERR
I0000 00:00:1791095128.640328    3256 port.cc:153] oneDNN custom operations are on. You may see slightly different numerical results due to floating-point round-off errors from different computation orders. To turn them off, set the environment variable `TF_ENABLE_ONEDNN_OPTS=0`.
WARNING:tensorflow:TensorFlow GPU support is not available on native Windows for TensorFlow >= 2.11. Even if CUDA/cuDNN are installed, GPU will not be used. Please use WSL2 or the TensorFlow-DirectML plugin.
D:\code\DL Project\.venv\Lib\site-packages\keras\src\trainers\epoch_iterator.py:74: UserWarning: `shuffle=True` was passed, but will be ignored since the data `x` was provided as a tf.data.Dataset. The Dataset is expected to already be shuffled (via `.shuffle(buffer_size)`).
  self.data_adapter = data_adapters.get_data_adapter(
Epoch 1/25
323/323 - 243s - 752ms/step - freshness_accuracy: 0.9760 - freshness_auc: 0.9949 - freshness_loss: 0.0794 - fruit_accuracy: 0.9768 - fruit_loss: 0.0711 - loss: 0.1507 - val_freshness_accuracy: 0.9918 - val_freshness_auc: 0.9997 - val_freshness_loss: 0.0228 - val_fruit_accuracy: 0.9750 - val_fruit_loss: 0.0818 - val_loss: 0.1048 - epoch_time: 242.0155 - learning_rate: 1.0000e-04
Epoch 2/25
323/323 - 188s - 583ms/step - freshness_accuracy: 0.9918 - freshness_auc: 0.9990 - freshness_loss: 0.0265 - fruit_accuracy: 0.9915 - fruit_loss: 0.0276 - loss: 0.0541 - val_freshness_accuracy: 0.9932 - val_freshness_auc: 1.0000 - val_freshness_loss: 0.0184 - val_fruit_accuracy: 0.9968 - val_fruit_loss: 0.0086 - val_loss: 0.0271 - epoch_time: 187.3368 - learning_rate: 1.0000e-04
Epoch 3/25
323/323 - 188s - 581ms/step - freshness_accuracy: 0.9956 - freshness_auc: 0.9996 - freshness_loss: 0.0141 - fruit_accuracy: 0.9964 - fruit_loss: 0.0111 - loss: 0.0251 - val_freshness_accuracy: 0.9977 - val_freshness_auc: 1.0000 - val_freshness_loss: 0.0054 - val_fruit_accuracy: 1.0000 - val_fruit_loss: 0.0027 - val_loss: 0.0081 - epoch_time: 186.8593 - learning_rate: 1.0000e-04
Epoch 4/25
323/323 - 188s - 582ms/step - freshness_accuracy: 0.9948 - freshness_auc: 0.9991 - freshness_loss: 0.0184 - fruit_accuracy: 0.9927 - fruit_loss: 0.0240 - loss: 0.0424 - val_freshness_accuracy: 0.9995 - val_freshness_auc: 1.0000 - val_freshness_loss: 0.0041 - val_fruit_accuracy: 1.0000 - val_fruit_loss: 0.0018 - val_loss: 0.0059 - epoch_time: 187.1317 - learning_rate: 1.0000e-04
Epoch 5/25
323/323 - 187s - 580ms/step - freshness_accuracy: 0.9959 - freshness_auc: 0.9996 - freshness_loss: 0.0129 - fruit_accuracy: 0.9946 - fruit_loss: 0.0156 - loss: 0.0285 - val_freshness_accuracy: 0.9977 - val_freshness_auc: 1.0000 - val_freshness_loss: 0.0068 - val_fruit_accuracy: 0.9900 - val_fruit_loss: 0.0328 - val_loss: 0.0397 - epoch_time: 187.4402 - learning_rate: 1.0000e-04
Epoch 6/25
323/323 - 187s - 579ms/step - freshness_accuracy: 0.9949 - freshness_auc: 0.9994 - freshness_loss: 0.0161 - fruit_accuracy: 0.9947 - fruit_loss: 0.0171 - loss: 0.0332 - val_freshness_accuracy: 0.9891 - val_freshness_auc: 0.9949 - val_freshness_loss: 0.0633 - val_fruit_accuracy: 0.9868 - val_fruit_loss: 0.0297 - val_loss: 0.0932 - epoch_time: 186.8842 - learning_rate: 1.0000e-04
Epoch 7/25

Epoch 7: ReduceLROnPlateau reducing learning rate to 2.9999999242136255e-05.
323/323 - 189s - 585ms/step - freshness_accuracy: 0.9968 - freshness_auc: 0.9996 - freshness_loss: 0.0111 - fruit_accuracy: 0.9977 - fruit_loss: 0.0078 - loss: 0.0190 - val_freshness_accuracy: 0.9977 - val_freshness_auc: 1.0000 - val_freshness_loss: 0.0071 - val_fruit_accuracy: 0.9932 - val_fruit_loss: 0.0188 - val_loss: 0.0260 - epoch_time: 188.9947 - learning_rate: 1.0000e-04
Epoch 8/25
323/323 - 188s - 583ms/step - freshness_accuracy: 0.9998 - freshness_auc: 1.0000 - freshness_loss: 8.5752e-04 - fruit_accuracy: 0.9996 - fruit_loss: 0.0017 - loss: 0.0026 - val_freshness_accuracy: 0.9995 - val_freshness_auc: 1.0000 - val_freshness_loss: 0.0013 - val_fruit_accuracy: 0.9995 - val_fruit_loss: 0.0010 - val_loss: 0.0024 - epoch_time: 187.2890 - learning_rate: 3.0000e-05
Epoch 9/25
323/323 - 199s - 615ms/step - freshness_accuracy: 1.0000 - freshness_auc: 1.0000 - freshness_loss: 3.6263e-04 - fruit_accuracy: 0.9998 - fruit_loss: 7.4799e-04 - loss: 0.0011 - val_freshness_accuracy: 0.9995 - val_freshness_auc: 1.0000 - val_freshness_loss: 0.0013 - val_fruit_accuracy: 1.0000 - val_fruit_loss: 4.4525e-04 - val_loss: 0.0018 - epoch_time: 197.7459 - learning_rate: 3.0000e-05
Epoch 10/25
323/323 - 189s - 586ms/step - freshness_accuracy: 1.0000 - freshness_auc: 1.0000 - freshness_loss: 2.6085e-04 - fruit_accuracy: 0.9999 - fruit_loss: 3.2110e-04 - loss: 5.8065e-04 - val_freshness_accuracy: 1.0000 - val_freshness_auc: 1.0000 - val_freshness_loss: 2.3708e-04 - val_fruit_accuracy: 1.0000 - val_fruit_loss: 2.5191e-04 - val_loss: 4.9010e-04 - epoch_time: 188.3719 - learning_rate: 3.0000e-05
Epoch 11/25
323/323 - 192s - 595ms/step - freshness_accuracy: 0.9999 - freshness_auc: 1.0000 - freshness_loss: 5.7919e-04 - fruit_accuracy: 1.0000 - fruit_loss: 9.0209e-05 - loss: 6.7043e-04 - val_freshness_accuracy: 0.9973 - val_freshness_auc: 0.9995 - val_freshness_loss: 0.0082 - val_fruit_accuracy: 1.0000 - val_fruit_loss: 6.1220e-04 - val_loss: 0.0088 - epoch_time: 192.2289 - learning_rate: 3.0000e-05
Epoch 12/25
323/323 - 189s - 585ms/step - freshness_accuracy: 0.9996 - freshness_auc: 0.9999 - freshness_loss: 0.0020 - fruit_accuracy: 0.9998 - fruit_loss: 7.5924e-04 - loss: 0.0027 - val_freshness_accuracy: 1.0000 - val_freshness_auc: 1.0000 - val_freshness_loss: 4.9970e-04 - val_fruit_accuracy: 1.0000 - val_fruit_loss: 3.3952e-04 - val_loss: 8.4097e-04 - epoch_time: 188.8447 - learning_rate: 3.0000e-05
Epoch 13/25

Epoch 13: ReduceLROnPlateau reducing learning rate to 8.999999772640877e-06.
323/323 - 188s - 582ms/step - freshness_accuracy: 0.9998 - freshness_auc: 1.0000 - freshness_loss: 5.5479e-04 - fruit_accuracy: 0.9993 - fruit_loss: 0.0027 - loss: 0.0033 - val_freshness_accuracy: 0.9986 - val_freshness_auc: 1.0000 - val_freshness_loss: 0.0020 - val_fruit_accuracy: 1.0000 - val_fruit_loss: 6.1751e-04 - val_loss: 0.0026 - epoch_time: 188.0820 - learning_rate: 3.0000e-05
Epoch 14/25
323/323 - 189s - 584ms/step - freshness_accuracy: 0.9998 - freshness_auc: 1.0000 - freshness_loss: 5.2821e-04 - fruit_accuracy: 0.9998 - fruit_loss: 6.7736e-04 - loss: 0.0012 - val_freshness_accuracy: 0.9995 - val_freshness_auc: 1.0000 - val_freshness_loss: 0.0012 - val_fruit_accuracy: 0.9995 - val_fruit_loss: 7.4927e-04 - val_loss: 0.0019 - epoch_time: 188.7238 - learning_rate: 9.0000e-06
Epoch 15/25
323/323 - 189s - 585ms/step - freshness_accuracy: 0.9998 - freshness_auc: 1.0000 - freshness_loss: 7.0927e-04 - fruit_accuracy: 1.0000 - fruit_loss: 2.7444e-04 - loss: 9.8522e-04 - val_freshness_accuracy: 0.9995 - val_freshness_auc: 1.0000 - val_freshness_loss: 0.0014 - val_fruit_accuracy: 1.0000 - val_fruit_loss: 4.0553e-04 - val_loss: 0.0018 - epoch_time: 188.7987 - learning_rate: 9.0000e-06
Epoch 16/25

Epoch 16: ReduceLROnPlateau reducing learning rate to 2.6999998226528985e-06.
323/323 - 189s - 586ms/step - freshness_accuracy: 1.0000 - freshness_auc: 1.0000 - freshness_loss: 1.1655e-04 - fruit_accuracy: 0.9997 - fruit_loss: 4.7403e-04 - loss: 5.9147e-04 - val_freshness_accuracy: 0.9995 - val_freshness_auc: 1.0000 - val_freshness_loss: 8.7652e-04 - val_fruit_accuracy: 1.0000 - val_fruit_loss: 5.6311e-04 - val_loss: 0.0014 - epoch_time: 189.4148 - learning_rate: 9.0000e-06
Epoch 17/25
323/323 - 189s - 585ms/step - freshness_accuracy: 1.0000 - freshness_auc: 1.0000 - freshness_loss: 1.8010e-04 - fruit_accuracy: 0.9999 - fruit_loss: 2.3882e-04 - loss: 4.1953e-04 - val_freshness_accuracy: 1.0000 - val_freshness_auc: 1.0000 - val_freshness_loss: 4.4787e-04 - val_fruit_accuracy: 1.0000 - val_fruit_loss: 3.5198e-04 - val_loss: 8.0167e-04 - epoch_time: 189.0958 - learning_rate: 2.7000e-06
Epoch 18/25
323/323 - 190s - 587ms/step - freshness_accuracy: 1.0000 - freshness_auc: 1.0000 - freshness_loss: 1.3183e-04 - fruit_accuracy: 1.0000 - fruit_loss: 9.1560e-05 - loss: 2.2373e-04 - val_freshness_accuracy: 1.0000 - val_freshness_auc: 1.0000 - val_freshness_loss: 5.0850e-04 - val_fruit_accuracy: 1.0000 - val_fruit_loss: 3.5991e-04 - val_loss: 8.7038e-04 - epoch_time: 189.7571 - learning_rate: 2.7000e-06
Epoch 18: early stopping
Restoring model weights from the end of the best epoch: 10.
{
  "run": "model3_ft_block6",
  "model": "transfer",
  "augmentation": true,
  "batch_size": 32,
  "seed": 42,
  "limit_per_class": null,
  "started": "2026-10-04T13:25:38",
  "init_from": "models/model3_mobilenet_v2_stage1.keras",
  "fine_tune_from": "block_6_expand",
  "unfrozen_layers": 100,
  "unfrozen_layers_with_weights": 34,
  "trainable_params_stage2": 2384841,
  "stage2_lr": 0.0001,
  "stage2_epochs": 18,
  "stage2_best_epoch": 10,
  "train_minutes": 57.8,
  "val_fruit_accuracy": 1.0,
  "val_fruit_precision": 1.0,
  "val_fruit_recall": 1.0,
  "val_fruit_f1": 1.0,
  "val_freshness_accuracy": 1.0,
  "val_freshness_precision": 1.0,
  "val_freshness_recall": 1.0,
  "val_freshness_f1": 1.0,
  "val_freshness_macro_f1": 1.0,
  "val_freshness_auc": 1.0,
  "val_joint_accuracy": 1.0,
  "val_joint_precision": 1.0,
  "val_joint_recall": 1.0,
  "val_joint_f1": 1.0,
  "params": 2505033
}
