WARNING: All log messages before absl::InitializeLog() is called are written to STDERR
I0000 00:00:1791009973.187356   22392 port.cc:153] oneDNN custom operations are on. You may see slightly different numerical results due to floating-point round-off errors from different computation orders. To turn them off, set the environment variable `TF_ENABLE_ONEDNN_OPTS=0`.
WARNING: All log messages before absl::InitializeLog() is called are written to STDERR
I0000 00:00:1791009979.578806   22392 port.cc:153] oneDNN custom operations are on. You may see slightly different numerical results due to floating-point round-off errors from different computation orders. To turn them off, set the environment variable `TF_ENABLE_ONEDNN_OPTS=0`.
D:\code\DL Project\src\models\transfer_model.py:46: UserWarning: `input_shape` is undefined or non-square, or `rows` is not in [96, 128, 160, 192, 224]. Weights for input shape (224, 224) will be loaded as the default.
  base = spec["builder"](include_top=False, weights=weights, input_tensor=x)
WARNING:tensorflow:TensorFlow GPU support is not available on native Windows for TensorFlow >= 2.11. Even if CUDA/cuDNN are installed, GPU will not be used. Please use WSL2 or the TensorFlow-DirectML plugin.
D:\code\DL Project\.venv\Lib\site-packages\keras\src\trainers\epoch_iterator.py:74: UserWarning: `shuffle=True` was passed, but will be ignored since the data `x` was provided as a tf.data.Dataset. The Dataset is expected to already be shuffled (via `.shuffle(buffer_size)`).
  self.data_adapter = data_adapters.get_data_adapter(
Epoch 1/12
323/323 - 249s - 772ms/step - freshness_accuracy: 0.9237 - freshness_auc: 0.9803 - freshness_loss: 0.1840 - fruit_accuracy: 0.9309 - fruit_loss: 0.2059 - loss: 0.3903 - val_freshness_accuracy: 0.9823 - val_freshness_auc: 0.9987 - val_freshness_loss: 0.0611 - val_fruit_accuracy: 0.9823 - val_fruit_loss: 0.0612 - val_loss: 0.1222 - epoch_time: 247.9473 - learning_rate: 0.0010
Epoch 2/12
323/323 - 232s - 718ms/step - freshness_accuracy: 0.9693 - freshness_auc: 0.9960 - freshness_loss: 0.0828 - fruit_accuracy: 0.9809 - fruit_loss: 0.0621 - loss: 0.1450 - val_freshness_accuracy: 0.9800 - val_freshness_auc: 0.9996 - val_freshness_loss: 0.0535 - val_fruit_accuracy: 0.9896 - val_fruit_loss: 0.0337 - val_loss: 0.0870 - epoch_time: 230.8275 - learning_rate: 0.0010
Epoch 3/12
323/323 - 230s - 713ms/step - freshness_accuracy: 0.9789 - freshness_auc: 0.9977 - freshness_loss: 0.0611 - fruit_accuracy: 0.9859 - fruit_loss: 0.0448 - loss: 0.1060 - val_freshness_accuracy: 0.9850 - val_freshness_auc: 0.9995 - val_freshness_loss: 0.0407 - val_fruit_accuracy: 0.9923 - val_fruit_loss: 0.0238 - val_loss: 0.0643 - epoch_time: 228.9798 - learning_rate: 0.0010
Epoch 4/12
323/323 - 227s - 701ms/step - freshness_accuracy: 0.9797 - freshness_auc: 0.9976 - freshness_loss: 0.0570 - fruit_accuracy: 0.9876 - fruit_loss: 0.0361 - loss: 0.0931 - val_freshness_accuracy: 0.9900 - val_freshness_auc: 0.9998 - val_freshness_loss: 0.0251 - val_fruit_accuracy: 0.9946 - val_fruit_loss: 0.0203 - val_loss: 0.0454 - epoch_time: 225.5191 - learning_rate: 0.0010
Epoch 5/12
323/323 - 214s - 662ms/step - freshness_accuracy: 0.9825 - freshness_auc: 0.9984 - freshness_loss: 0.0477 - fruit_accuracy: 0.9898 - fruit_loss: 0.0331 - loss: 0.0809 - val_freshness_accuracy: 0.9900 - val_freshness_auc: 0.9997 - val_freshness_loss: 0.0290 - val_fruit_accuracy: 0.9923 - val_fruit_loss: 0.0187 - val_loss: 0.0478 - epoch_time: 213.8442 - learning_rate: 0.0010
Epoch 6/12
323/323 - 211s - 654ms/step - freshness_accuracy: 0.9846 - freshness_auc: 0.9989 - freshness_loss: 0.0412 - fruit_accuracy: 0.9906 - fruit_loss: 0.0272 - loss: 0.0683 - val_freshness_accuracy: 0.9832 - val_freshness_auc: 0.9994 - val_freshness_loss: 0.0431 - val_fruit_accuracy: 0.9941 - val_fruit_loss: 0.0159 - val_loss: 0.0590 - epoch_time: 211.3283 - learning_rate: 0.0010
Epoch 7/12

Epoch 7: ReduceLROnPlateau reducing learning rate to 0.0003000000142492354.
323/323 - 218s - 676ms/step - freshness_accuracy: 0.9871 - freshness_auc: 0.9993 - freshness_loss: 0.0341 - fruit_accuracy: 0.9915 - fruit_loss: 0.0234 - loss: 0.0576 - val_freshness_accuracy: 0.9741 - val_freshness_auc: 0.9977 - val_freshness_loss: 0.0734 - val_fruit_accuracy: 0.9923 - val_fruit_loss: 0.0207 - val_loss: 0.0934 - epoch_time: 218.3428 - learning_rate: 0.0010
Epoch 8/12
323/323 - 223s - 691ms/step - freshness_accuracy: 0.9917 - freshness_auc: 0.9991 - freshness_loss: 0.0274 - fruit_accuracy: 0.9950 - fruit_loss: 0.0135 - loss: 0.0409 - val_freshness_accuracy: 0.9950 - val_freshness_auc: 0.9999 - val_freshness_loss: 0.0140 - val_fruit_accuracy: 0.9932 - val_fruit_loss: 0.0170 - val_loss: 0.0309 - epoch_time: 221.9258 - learning_rate: 3.0000e-04
Epoch 9/12
323/323 - 249s - 771ms/step - freshness_accuracy: 0.9917 - freshness_auc: 0.9997 - freshness_loss: 0.0217 - fruit_accuracy: 0.9971 - fruit_loss: 0.0088 - loss: 0.0305 - val_freshness_accuracy: 0.9959 - val_freshness_auc: 0.9999 - val_freshness_loss: 0.0140 - val_fruit_accuracy: 0.9964 - val_fruit_loss: 0.0095 - val_loss: 0.0234 - epoch_time: 247.5330 - learning_rate: 3.0000e-04
Epoch 10/12
323/323 - 259s - 803ms/step - freshness_accuracy: 0.9924 - freshness_auc: 0.9997 - freshness_loss: 0.0207 - fruit_accuracy: 0.9960 - fruit_loss: 0.0112 - loss: 0.0320 - val_freshness_accuracy: 0.9968 - val_freshness_auc: 0.9999 - val_freshness_loss: 0.0110 - val_fruit_accuracy: 0.9946 - val_fruit_loss: 0.0134 - val_loss: 0.0244 - epoch_time: 259.2511 - learning_rate: 3.0000e-04
Epoch 11/12
323/323 - 259s - 802ms/step - freshness_accuracy: 0.9930 - freshness_auc: 0.9997 - freshness_loss: 0.0201 - fruit_accuracy: 0.9962 - fruit_loss: 0.0113 - loss: 0.0314 - val_freshness_accuracy: 0.9941 - val_freshness_auc: 0.9999 - val_freshness_loss: 0.0175 - val_fruit_accuracy: 0.9941 - val_fruit_loss: 0.0152 - val_loss: 0.0327 - epoch_time: 258.9832 - learning_rate: 3.0000e-04
Epoch 12/12

Epoch 12: ReduceLROnPlateau reducing learning rate to 9.000000427477062e-05.
323/323 - 250s - 775ms/step - freshness_accuracy: 0.9951 - freshness_auc: 0.9997 - freshness_loss: 0.0164 - fruit_accuracy: 0.9977 - fruit_loss: 0.0080 - loss: 0.0244 - val_freshness_accuracy: 0.9918 - val_freshness_auc: 0.9999 - val_freshness_loss: 0.0187 - val_fruit_accuracy: 0.9946 - val_fruit_loss: 0.0115 - val_loss: 0.0301 - epoch_time: 250.3997 - learning_rate: 3.0000e-04
Restoring model weights from the end of the best epoch: 9.
Epoch 13/37
323/323 - 311s - 964ms/step - freshness_accuracy: 0.9767 - freshness_auc: 0.9957 - freshness_loss: 0.0740 - fruit_accuracy: 0.9867 - fruit_loss: 0.0468 - loss: 0.1189 - val_freshness_accuracy: 0.9927 - val_freshness_auc: 0.9998 - val_freshness_loss: 0.0207 - val_fruit_accuracy: 0.9818 - val_fruit_loss: 0.0464 - val_loss: 0.0672 - epoch_time: 309.5986 - learning_rate: 1.0000e-04
Epoch 14/37
323/323 - 286s - 884ms/step - freshness_accuracy: 0.9880 - freshness_auc: 0.9988 - freshness_loss: 0.0338 - fruit_accuracy: 0.9912 - fruit_loss: 0.0276 - loss: 0.0614 - val_freshness_accuracy: 0.9927 - val_freshness_auc: 0.9999 - val_freshness_loss: 0.0208 - val_fruit_accuracy: 0.9991 - val_fruit_loss: 0.0061 - val_loss: 0.0270 - epoch_time: 284.0075 - learning_rate: 1.0000e-04
Epoch 15/37
323/323 - 288s - 893ms/step - freshness_accuracy: 0.9937 - freshness_auc: 0.9995 - freshness_loss: 0.0181 - fruit_accuracy: 0.9934 - fruit_loss: 0.0216 - loss: 0.0396 - val_freshness_accuracy: 0.9955 - val_freshness_auc: 1.0000 - val_freshness_loss: 0.0082 - val_fruit_accuracy: 0.9968 - val_fruit_loss: 0.0066 - val_loss: 0.0148 - epoch_time: 286.8189 - learning_rate: 1.0000e-04
Epoch 16/37
323/323 - 286s - 884ms/step - freshness_accuracy: 0.9930 - freshness_auc: 0.9993 - freshness_loss: 0.0223 - fruit_accuracy: 0.9943 - fruit_loss: 0.0187 - loss: 0.0407 - val_freshness_accuracy: 0.9986 - val_freshness_auc: 1.0000 - val_freshness_loss: 0.0062 - val_fruit_accuracy: 0.9755 - val_fruit_loss: 0.0849 - val_loss: 0.0913 - epoch_time: 285.6881 - learning_rate: 1.0000e-04
Epoch 17/37
323/323 - 287s - 889ms/step - freshness_accuracy: 0.9950 - freshness_auc: 0.9994 - freshness_loss: 0.0168 - fruit_accuracy: 0.9940 - fruit_loss: 0.0192 - loss: 0.0361 - val_freshness_accuracy: 0.9991 - val_freshness_auc: 1.0000 - val_freshness_loss: 0.0025 - val_fruit_accuracy: 0.9977 - val_fruit_loss: 0.0069 - val_loss: 0.0094 - epoch_time: 285.4370 - learning_rate: 1.0000e-04
Epoch 18/37
323/323 - 287s - 889ms/step - freshness_accuracy: 0.9978 - freshness_auc: 0.9999 - freshness_loss: 0.0062 - fruit_accuracy: 0.9963 - fruit_loss: 0.0084 - loss: 0.0145 - val_freshness_accuracy: 0.9973 - val_freshness_auc: 1.0000 - val_freshness_loss: 0.0072 - val_fruit_accuracy: 0.9896 - val_fruit_loss: 0.0297 - val_loss: 0.0370 - epoch_time: 287.2308 - learning_rate: 1.0000e-04
Epoch 19/37
323/323 - 283s - 877ms/step - freshness_accuracy: 0.9968 - freshness_auc: 0.9998 - freshness_loss: 0.0101 - fruit_accuracy: 0.9953 - fruit_loss: 0.0146 - loss: 0.0247 - val_freshness_accuracy: 0.9955 - val_freshness_auc: 0.9995 - val_freshness_loss: 0.0128 - val_fruit_accuracy: 0.9946 - val_fruit_loss: 0.0215 - val_loss: 0.0344 - epoch_time: 283.3118 - learning_rate: 1.0000e-04
Epoch 20/37

Epoch 20: ReduceLROnPlateau reducing learning rate to 2.9999999242136255e-05.
323/323 - 285s - 884ms/step - freshness_accuracy: 0.9982 - freshness_auc: 0.9998 - freshness_loss: 0.0068 - fruit_accuracy: 0.9944 - fruit_loss: 0.0172 - loss: 0.0240 - val_freshness_accuracy: 0.9959 - val_freshness_auc: 0.9995 - val_freshness_loss: 0.0133 - val_fruit_accuracy: 0.9955 - val_fruit_loss: 0.0100 - val_loss: 0.0233 - epoch_time: 285.4200 - learning_rate: 1.0000e-04
Epoch 21/37
323/323 - 286s - 885ms/step - freshness_accuracy: 0.9991 - freshness_auc: 1.0000 - freshness_loss: 0.0022 - fruit_accuracy: 0.9995 - fruit_loss: 0.0014 - loss: 0.0035 - val_freshness_accuracy: 0.9982 - val_freshness_auc: 1.0000 - val_freshness_loss: 0.0034 - val_fruit_accuracy: 1.0000 - val_fruit_loss: 4.3748e-04 - val_loss: 0.0039 - epoch_time: 284.3737 - learning_rate: 3.0000e-05
Epoch 22/37
323/323 - 283s - 876ms/step - freshness_accuracy: 0.9991 - freshness_auc: 1.0000 - freshness_loss: 0.0022 - fruit_accuracy: 0.9997 - fruit_loss: 0.0012 - loss: 0.0035 - val_freshness_accuracy: 0.9982 - val_freshness_auc: 1.0000 - val_freshness_loss: 0.0036 - val_fruit_accuracy: 0.9986 - val_fruit_loss: 0.0031 - val_loss: 0.0066 - epoch_time: 283.0760 - learning_rate: 3.0000e-05
Epoch 23/37
323/323 - 286s - 887ms/step - freshness_accuracy: 0.9998 - freshness_auc: 1.0000 - freshness_loss: 8.5372e-04 - fruit_accuracy: 0.9999 - fruit_loss: 5.6324e-04 - loss: 0.0014 - val_freshness_accuracy: 0.9986 - val_freshness_auc: 1.0000 - val_freshness_loss: 0.0018 - val_fruit_accuracy: 0.9986 - val_fruit_loss: 0.0041 - val_loss: 0.0059 - epoch_time: 286.4079 - learning_rate: 3.0000e-05
Epoch 24/37

Epoch 24: ReduceLROnPlateau reducing learning rate to 8.999999772640877e-06.
323/323 - 285s - 881ms/step - freshness_accuracy: 0.9993 - freshness_auc: 0.9998 - freshness_loss: 0.0031 - fruit_accuracy: 0.9996 - fruit_loss: 0.0013 - loss: 0.0044 - val_freshness_accuracy: 0.9995 - val_freshness_auc: 1.0000 - val_freshness_loss: 0.0014 - val_fruit_accuracy: 0.9991 - val_fruit_loss: 0.0025 - val_loss: 0.0039 - epoch_time: 284.6667 - learning_rate: 3.0000e-05
Epoch 25/37
323/323 - 287s - 888ms/step - freshness_accuracy: 0.9994 - freshness_auc: 1.0000 - freshness_loss: 9.7874e-04 - fruit_accuracy: 1.0000 - fruit_loss: 3.0394e-04 - loss: 0.0012 - val_freshness_accuracy: 0.9995 - val_freshness_auc: 1.0000 - val_freshness_loss: 0.0012 - val_fruit_accuracy: 0.9995 - val_fruit_loss: 0.0011 - val_loss: 0.0022 - epoch_time: 285.1171 - learning_rate: 9.0000e-06
Epoch 26/37
323/323 - 284s - 881ms/step - freshness_accuracy: 0.9997 - freshness_auc: 1.0000 - freshness_loss: 0.0010 - fruit_accuracy: 0.9999 - fruit_loss: 2.7838e-04 - loss: 0.0013 - val_freshness_accuracy: 0.9995 - val_freshness_auc: 1.0000 - val_freshness_loss: 7.7197e-04 - val_fruit_accuracy: 0.9991 - val_fruit_loss: 0.0016 - val_loss: 0.0024 - epoch_time: 284.4774 - learning_rate: 9.0000e-06
Epoch 27/37
323/323 - 283s - 876ms/step - freshness_accuracy: 0.9996 - freshness_auc: 1.0000 - freshness_loss: 8.6398e-04 - fruit_accuracy: 0.9999 - fruit_loss: 3.1770e-04 - loss: 0.0012 - val_freshness_accuracy: 0.9995 - val_freshness_auc: 1.0000 - val_freshness_loss: 0.0017 - val_fruit_accuracy: 0.9995 - val_fruit_loss: 0.0012 - val_loss: 0.0029 - epoch_time: 282.8817 - learning_rate: 9.0000e-06
Epoch 28/37

Epoch 28: ReduceLROnPlateau reducing learning rate to 2.6999998226528985e-06.
323/323 - 287s - 888ms/step - freshness_accuracy: 0.9997 - freshness_auc: 1.0000 - freshness_loss: 5.8880e-04 - fruit_accuracy: 0.9999 - fruit_loss: 8.3533e-04 - loss: 0.0014 - val_freshness_accuracy: 0.9986 - val_freshness_auc: 1.0000 - val_freshness_loss: 0.0028 - val_fruit_accuracy: 0.9991 - val_fruit_loss: 0.0020 - val_loss: 0.0048 - epoch_time: 286.9688 - learning_rate: 9.0000e-06
Epoch 29/37
323/323 - 307s - 950ms/step - freshness_accuracy: 1.0000 - freshness_auc: 1.0000 - freshness_loss: 3.0510e-04 - fruit_accuracy: 0.9999 - fruit_loss: 2.5593e-04 - loss: 5.6184e-04 - val_freshness_accuracy: 0.9991 - val_freshness_auc: 1.0000 - val_freshness_loss: 0.0014 - val_fruit_accuracy: 0.9991 - val_fruit_loss: 0.0018 - val_loss: 0.0033 - epoch_time: 306.8553 - learning_rate: 2.7000e-06
Epoch 30/37
323/323 - 409s - 1s/step - freshness_accuracy: 1.0000 - freshness_auc: 1.0000 - freshness_loss: 3.8954e-04 - fruit_accuracy: 1.0000 - fruit_loss: 2.0074e-04 - loss: 5.9119e-04 - val_freshness_accuracy: 0.9995 - val_freshness_auc: 1.0000 - val_freshness_loss: 9.9671e-04 - val_fruit_accuracy: 0.9991 - val_fruit_loss: 0.0019 - val_loss: 0.0029 - epoch_time: 409.1153 - learning_rate: 2.7000e-06
Epoch 31/37

Epoch 31: ReduceLROnPlateau reducing learning rate to 1e-06.
323/323 - 408s - 1s/step - freshness_accuracy: 1.0000 - freshness_auc: 1.0000 - freshness_loss: 1.0894e-04 - fruit_accuracy: 1.0000 - fruit_loss: 1.7148e-04 - loss: 2.8085e-04 - val_freshness_accuracy: 0.9995 - val_freshness_auc: 1.0000 - val_freshness_loss: 7.8857e-04 - val_fruit_accuracy: 0.9991 - val_fruit_loss: 0.0017 - val_loss: 0.0025 - epoch_time: 407.6675 - learning_rate: 2.7000e-06
Epoch 32/37
323/323 - 282s - 872ms/step - freshness_accuracy: 0.9997 - freshness_auc: 1.0000 - freshness_loss: 7.4395e-04 - fruit_accuracy: 1.0000 - fruit_loss: 2.0013e-04 - loss: 9.4504e-04 - val_freshness_accuracy: 1.0000 - val_freshness_auc: 1.0000 - val_freshness_loss: 6.4055e-04 - val_fruit_accuracy: 0.9991 - val_fruit_loss: 0.0017 - val_loss: 0.0024 - epoch_time: 281.8119 - learning_rate: 1.0000e-06
Epoch 33/37
323/323 - 336s - 1s/step - freshness_accuracy: 1.0000 - freshness_auc: 1.0000 - freshness_loss: 2.2887e-04 - fruit_accuracy: 1.0000 - fruit_loss: 1.1680e-04 - loss: 3.4074e-04 - val_freshness_accuracy: 0.9995 - val_freshness_auc: 1.0000 - val_freshness_loss: 7.3104e-04 - val_fruit_accuracy: 0.9991 - val_fruit_loss: 0.0018 - val_loss: 0.0025 - epoch_time: 336.3999 - learning_rate: 1.0000e-06
Epoch 33: early stopping
Restoring model weights from the end of the best epoch: 25.
{
  "run": "model3_mobilenet_v2",
  "model": "transfer",
  "augmentation": true,
  "batch_size": 32,
  "seed": 42,
  "limit_per_class": null,
  "started": "2026-10-03T13:46:27",
  "stage1_lr": 0.001,
  "stage1_epochs": 12,
  "stage1_best_epoch": 9,
  "fine_tune_from": "block_13_expand",
  "unfrozen_layers": 38,
  "unfrozen_layers_with_weights": 13,
  "trainable_params_stage2": 1910409,
  "stage2_lr": 0.0001,
  "stage2_epochs": 21,
  "stage2_best_epoch": 13,
  "train_minutes": 152.8,
  "val_fruit_accuracy": 0.9995,
  "val_fruit_precision": 0.9995,
  "val_fruit_recall": 0.9996,
  "val_fruit_f1": 0.9995,
  "val_freshness_accuracy": 0.9995,
  "val_freshness_precision": 0.9992,
  "val_freshness_recall": 1.0,
  "val_freshness_f1": 0.9996,
  "val_freshness_macro_f1": 0.9995,
  "val_freshness_auc": 1.0,
  "val_joint_accuracy": 0.9991,
  "val_joint_precision": 0.9988,
  "val_joint_recall": 0.9992,
  "val_joint_f1": 0.999,
  "params": 2505033
}
