WARNING: All log messages before absl::InitializeLog() is called are written to STDERR
I0000 00:00:1791090327.008265   17596 port.cc:153] oneDNN custom operations are on. You may see slightly different numerical results due to floating-point round-off errors from different computation orders. To turn them off, set the environment variable `TF_ENABLE_ONEDNN_OPTS=0`.
WARNING: All log messages before absl::InitializeLog() is called are written to STDERR
I0000 00:00:1791090335.264554   17596 port.cc:153] oneDNN custom operations are on. You may see slightly different numerical results due to floating-point round-off errors from different computation orders. To turn them off, set the environment variable `TF_ENABLE_ONEDNN_OPTS=0`.
WARNING:tensorflow:TensorFlow GPU support is not available on native Windows for TensorFlow >= 2.11. Even if CUDA/cuDNN are installed, GPU will not be used. Please use WSL2 or the TensorFlow-DirectML plugin.
D:\code\DL Project\.venv\Lib\site-packages\keras\src\trainers\epoch_iterator.py:74: UserWarning: `shuffle=True` was passed, but will be ignored since the data `x` was provided as a tf.data.Dataset. The Dataset is expected to already be shuffled (via `.shuffle(buffer_size)`).
  self.data_adapter = data_adapters.get_data_adapter(
Epoch 1/25
323/323 - 204s - 632ms/step - freshness_accuracy: 0.9762 - freshness_auc: 0.9943 - freshness_loss: 0.0817 - fruit_accuracy: 0.9802 - fruit_loss: 0.0587 - loss: 0.1406 - val_freshness_accuracy: 0.9791 - val_freshness_auc: 0.9979 - val_freshness_loss: 0.0634 - val_fruit_accuracy: 0.9973 - val_fruit_loss: 0.0088 - val_loss: 0.0720 - epoch_time: 202.7280 - learning_rate: 1.0000e-04
Epoch 2/25
323/323 - 181s - 561ms/step - freshness_accuracy: 0.9916 - freshness_auc: 0.9994 - freshness_loss: 0.0251 - fruit_accuracy: 0.9902 - fruit_loss: 0.0259 - loss: 0.0503 - val_freshness_accuracy: 0.9991 - val_freshness_auc: 1.0000 - val_freshness_loss: 0.0026 - val_fruit_accuracy: 0.9986 - val_fruit_loss: 0.0047 - val_loss: 0.0073 - epoch_time: 180.4329 - learning_rate: 1.0000e-04
Epoch 3/25
323/323 - 171s - 531ms/step - freshness_accuracy: 0.9903 - freshness_auc: 0.9994 - freshness_loss: 0.0280 - fruit_accuracy: 0.9919 - fruit_loss: 0.0277 - loss: 0.0557 - val_freshness_accuracy: 0.9982 - val_freshness_auc: 1.0000 - val_freshness_loss: 0.0026 - val_fruit_accuracy: 0.9977 - val_fruit_loss: 0.0075 - val_loss: 0.0101 - epoch_time: 171.4534 - learning_rate: 1.0000e-04
Epoch 4/25
323/323 - 176s - 545ms/step - freshness_accuracy: 0.9944 - freshness_auc: 0.9997 - freshness_loss: 0.0159 - fruit_accuracy: 0.9940 - fruit_loss: 0.0191 - loss: 0.0351 - val_freshness_accuracy: 0.9977 - val_freshness_auc: 0.9999 - val_freshness_loss: 0.0085 - val_fruit_accuracy: 0.9950 - val_fruit_loss: 0.0119 - val_loss: 0.0204 - epoch_time: 176.1409 - learning_rate: 1.0000e-04
Epoch 5/25

Epoch 5: ReduceLROnPlateau reducing learning rate to 2.9999999242136255e-05.
323/323 - 179s - 555ms/step - freshness_accuracy: 0.9941 - freshness_auc: 0.9993 - freshness_loss: 0.0191 - fruit_accuracy: 0.9957 - fruit_loss: 0.0141 - loss: 0.0333 - val_freshness_accuracy: 0.9959 - val_freshness_auc: 1.0000 - val_freshness_loss: 0.0078 - val_fruit_accuracy: 0.9941 - val_fruit_loss: 0.0131 - val_loss: 0.0209 - epoch_time: 179.4169 - learning_rate: 1.0000e-04
Epoch 6/25
323/323 - 179s - 553ms/step - freshness_accuracy: 0.9989 - freshness_auc: 1.0000 - freshness_loss: 0.0029 - fruit_accuracy: 0.9991 - fruit_loss: 0.0028 - loss: 0.0057 - val_freshness_accuracy: 0.9982 - val_freshness_auc: 1.0000 - val_freshness_loss: 0.0056 - val_fruit_accuracy: 0.9991 - val_fruit_loss: 0.0018 - val_loss: 0.0074 - epoch_time: 178.6566 - learning_rate: 3.0000e-05
Epoch 7/25
323/323 - 180s - 559ms/step - freshness_accuracy: 0.9996 - freshness_auc: 1.0000 - freshness_loss: 0.0014 - fruit_accuracy: 0.9996 - fruit_loss: 0.0010 - loss: 0.0024 - val_freshness_accuracy: 0.9991 - val_freshness_auc: 1.0000 - val_freshness_loss: 0.0046 - val_fruit_accuracy: 0.9995 - val_fruit_loss: 0.0019 - val_loss: 0.0066 - epoch_time: 179.5533 - learning_rate: 3.0000e-05
Epoch 8/25
323/323 - 180s - 558ms/step - freshness_accuracy: 0.9999 - freshness_auc: 1.0000 - freshness_loss: 4.7879e-04 - fruit_accuracy: 0.9993 - fruit_loss: 0.0021 - loss: 0.0026 - val_freshness_accuracy: 0.9991 - val_freshness_auc: 1.0000 - val_freshness_loss: 0.0047 - val_fruit_accuracy: 0.9991 - val_fruit_loss: 0.0024 - val_loss: 0.0071 - epoch_time: 180.2688 - learning_rate: 3.0000e-05
Epoch 9/25
323/323 - 179s - 555ms/step - freshness_accuracy: 1.0000 - freshness_auc: 1.0000 - freshness_loss: 5.8099e-04 - fruit_accuracy: 0.9994 - fruit_loss: 0.0030 - loss: 0.0036 - val_freshness_accuracy: 0.9973 - val_freshness_auc: 0.9995 - val_freshness_loss: 0.0077 - val_fruit_accuracy: 0.9982 - val_fruit_loss: 0.0035 - val_loss: 0.0111 - epoch_time: 179.2486 - learning_rate: 3.0000e-05
Epoch 10/25

Epoch 10: ReduceLROnPlateau reducing learning rate to 8.999999772640877e-06.
323/323 - 180s - 556ms/step - freshness_accuracy: 0.9996 - freshness_auc: 0.9999 - freshness_loss: 0.0020 - fruit_accuracy: 0.9996 - fruit_loss: 9.1148e-04 - loss: 0.0029 - val_freshness_accuracy: 0.9991 - val_freshness_auc: 1.0000 - val_freshness_loss: 0.0033 - val_fruit_accuracy: 0.9955 - val_fruit_loss: 0.0092 - val_loss: 0.0125 - epoch_time: 179.5156 - learning_rate: 3.0000e-05
Epoch 11/25
323/323 - 181s - 561ms/step - freshness_accuracy: 0.9999 - freshness_auc: 1.0000 - freshness_loss: 6.5389e-04 - fruit_accuracy: 0.9997 - fruit_loss: 8.2818e-04 - loss: 0.0015 - val_freshness_accuracy: 0.9968 - val_freshness_auc: 0.9990 - val_freshness_loss: 0.0123 - val_fruit_accuracy: 0.9973 - val_fruit_loss: 0.0077 - val_loss: 0.0201 - epoch_time: 181.2050 - learning_rate: 9.0000e-06
Epoch 12/25
323/323 - 181s - 561ms/step - freshness_accuracy: 1.0000 - freshness_auc: 1.0000 - freshness_loss: 3.3285e-04 - fruit_accuracy: 1.0000 - fruit_loss: 4.0632e-04 - loss: 7.4027e-04 - val_freshness_accuracy: 0.9986 - val_freshness_auc: 1.0000 - val_freshness_loss: 0.0051 - val_fruit_accuracy: 0.9995 - val_fruit_loss: 0.0016 - val_loss: 0.0067 - epoch_time: 181.1353 - learning_rate: 9.0000e-06
Epoch 13/25
323/323 - 181s - 561ms/step - freshness_accuracy: 0.9998 - freshness_auc: 1.0000 - freshness_loss: 7.2448e-04 - fruit_accuracy: 0.9998 - fruit_loss: 5.7482e-04 - loss: 0.0013 - val_freshness_accuracy: 0.9991 - val_freshness_auc: 1.0000 - val_freshness_loss: 0.0031 - val_fruit_accuracy: 0.9991 - val_fruit_loss: 0.0016 - val_loss: 0.0047 - epoch_time: 180.3766 - learning_rate: 9.0000e-06
Epoch 14/25
323/323 - 188s - 583ms/step - freshness_accuracy: 0.9997 - freshness_auc: 0.9999 - freshness_loss: 9.0129e-04 - fruit_accuracy: 1.0000 - fruit_loss: 1.8400e-04 - loss: 0.0011 - val_freshness_accuracy: 0.9986 - val_freshness_auc: 0.9995 - val_freshness_loss: 0.0070 - val_fruit_accuracy: 0.9982 - val_fruit_loss: 0.0052 - val_loss: 0.0122 - epoch_time: 188.3453 - learning_rate: 9.0000e-06
Epoch 15/25
323/323 - 205s - 634ms/step - freshness_accuracy: 0.9996 - freshness_auc: 1.0000 - freshness_loss: 8.7234e-04 - fruit_accuracy: 1.0000 - fruit_loss: 2.3154e-04 - loss: 0.0011 - val_freshness_accuracy: 0.9991 - val_freshness_auc: 1.0000 - val_freshness_loss: 0.0039 - val_fruit_accuracy: 0.9982 - val_fruit_loss: 0.0038 - val_loss: 0.0077 - epoch_time: 204.9101 - learning_rate: 9.0000e-06
Epoch 16/25

Epoch 16: ReduceLROnPlateau reducing learning rate to 2.6999998226528985e-06.
323/323 - 203s - 630ms/step - freshness_accuracy: 0.9998 - freshness_auc: 1.0000 - freshness_loss: 4.4881e-04 - fruit_accuracy: 1.0000 - fruit_loss: 1.3813e-04 - loss: 5.8763e-04 - val_freshness_accuracy: 0.9991 - val_freshness_auc: 0.9995 - val_freshness_loss: 0.0054 - val_fruit_accuracy: 0.9977 - val_fruit_loss: 0.0047 - val_loss: 0.0101 - epoch_time: 203.4715 - learning_rate: 9.0000e-06
Epoch 17/25
323/323 - 205s - 634ms/step - freshness_accuracy: 0.9999 - freshness_auc: 1.0000 - freshness_loss: 4.6880e-04 - fruit_accuracy: 0.9999 - fruit_loss: 3.2351e-04 - loss: 7.9307e-04 - val_freshness_accuracy: 0.9991 - val_freshness_auc: 1.0000 - val_freshness_loss: 0.0021 - val_fruit_accuracy: 0.9986 - val_fruit_loss: 0.0022 - val_loss: 0.0043 - epoch_time: 203.9761 - learning_rate: 2.7000e-06
Epoch 18/25
323/323 - 204s - 633ms/step - freshness_accuracy: 1.0000 - freshness_auc: 1.0000 - freshness_loss: 2.1931e-04 - fruit_accuracy: 0.9999 - fruit_loss: 6.0809e-04 - loss: 8.2867e-04 - val_freshness_accuracy: 0.9991 - val_freshness_auc: 0.9995 - val_freshness_loss: 0.0048 - val_fruit_accuracy: 0.9991 - val_fruit_loss: 0.0026 - val_loss: 0.0075 - epoch_time: 204.3588 - learning_rate: 2.7000e-06
Epoch 19/25
323/323 - 205s - 636ms/step - freshness_accuracy: 0.9999 - freshness_auc: 1.0000 - freshness_loss: 2.9627e-04 - fruit_accuracy: 1.0000 - fruit_loss: 8.9272e-05 - loss: 3.8613e-04 - val_freshness_accuracy: 0.9991 - val_freshness_auc: 1.0000 - val_freshness_loss: 0.0027 - val_fruit_accuracy: 0.9995 - val_fruit_loss: 9.6879e-04 - val_loss: 0.0037 - epoch_time: 204.4622 - learning_rate: 2.7000e-06
Epoch 20/25
323/323 - 204s - 633ms/step - freshness_accuracy: 1.0000 - freshness_auc: 1.0000 - freshness_loss: 1.3585e-04 - fruit_accuracy: 1.0000 - fruit_loss: 8.3119e-05 - loss: 2.1863e-04 - val_freshness_accuracy: 0.9991 - val_freshness_auc: 1.0000 - val_freshness_loss: 0.0030 - val_fruit_accuracy: 0.9995 - val_fruit_loss: 0.0013 - val_loss: 0.0043 - epoch_time: 204.4658 - learning_rate: 2.7000e-06
Epoch 21/25
323/323 - 205s - 634ms/step - freshness_accuracy: 0.9999 - freshness_auc: 1.0000 - freshness_loss: 3.7417e-04 - fruit_accuracy: 0.9999 - fruit_loss: 3.3257e-04 - loss: 7.0784e-04 - val_freshness_accuracy: 0.9991 - val_freshness_auc: 1.0000 - val_freshness_loss: 0.0031 - val_fruit_accuracy: 0.9991 - val_fruit_loss: 0.0014 - val_loss: 0.0045 - epoch_time: 204.7432 - learning_rate: 2.7000e-06
Epoch 22/25

Epoch 22: ReduceLROnPlateau reducing learning rate to 1e-06.
323/323 - 204s - 630ms/step - freshness_accuracy: 1.0000 - freshness_auc: 1.0000 - freshness_loss: 1.7587e-04 - fruit_accuracy: 1.0000 - fruit_loss: 1.8112e-04 - loss: 3.5750e-04 - val_freshness_accuracy: 0.9991 - val_freshness_auc: 1.0000 - val_freshness_loss: 0.0048 - val_fruit_accuracy: 0.9991 - val_fruit_loss: 0.0026 - val_loss: 0.0074 - epoch_time: 203.5158 - learning_rate: 2.7000e-06
Epoch 23/25
323/323 - 195s - 602ms/step - freshness_accuracy: 1.0000 - freshness_auc: 1.0000 - freshness_loss: 8.0831e-05 - fruit_accuracy: 1.0000 - fruit_loss: 1.5764e-04 - loss: 2.3879e-04 - val_freshness_accuracy: 0.9991 - val_freshness_auc: 1.0000 - val_freshness_loss: 0.0044 - val_fruit_accuracy: 0.9991 - val_fruit_loss: 0.0021 - val_loss: 0.0066 - epoch_time: 194.5461 - learning_rate: 1.0000e-06
Epoch 24/25
323/323 - 188s - 583ms/step - freshness_accuracy: 0.9998 - freshness_auc: 1.0000 - freshness_loss: 5.0946e-04 - fruit_accuracy: 1.0000 - fruit_loss: 7.7419e-05 - loss: 5.8779e-04 - val_freshness_accuracy: 0.9991 - val_freshness_auc: 1.0000 - val_freshness_loss: 0.0034 - val_fruit_accuracy: 0.9991 - val_fruit_loss: 0.0018 - val_loss: 0.0051 - epoch_time: 188.4679 - learning_rate: 1.0000e-06
Epoch 25/25
323/323 - 179s - 555ms/step - freshness_accuracy: 0.9999 - freshness_auc: 1.0000 - freshness_loss: 2.5446e-04 - fruit_accuracy: 1.0000 - fruit_loss: 1.2718e-04 - loss: 3.8222e-04 - val_freshness_accuracy: 0.9991 - val_freshness_auc: 1.0000 - val_freshness_loss: 0.0029 - val_fruit_accuracy: 0.9995 - val_fruit_loss: 0.0014 - val_loss: 0.0043 - epoch_time: 179.1427 - learning_rate: 1.0000e-06
Restoring model weights from the end of the best epoch: 19.
{
  "run": "model3_ft_block10",
  "model": "transfer",
  "augmentation": true,
  "batch_size": 32,
  "seed": 42,
  "limit_per_class": null,
  "started": "2026-10-04T12:05:45",
  "init_from": "models/model3_mobilenet_v2_stage1.keras",
  "fine_tune_from": "block_10_expand",
  "unfrozen_layers": 64,
  "unfrozen_layers_with_weights": 22,
  "trainable_params_stage2": 2206857,
  "stage2_lr": 0.0001,
  "stage2_epochs": 25,
  "stage2_best_epoch": 19,
  "train_minutes": 79.1,
  "val_fruit_accuracy": 0.9995,
  "val_fruit_precision": 0.9995,
  "val_fruit_recall": 0.9996,
  "val_fruit_f1": 0.9995,
  "val_freshness_accuracy": 0.9991,
  "val_freshness_precision": 0.9983,
  "val_freshness_recall": 1.0,
  "val_freshness_f1": 0.9992,
  "val_freshness_macro_f1": 0.9991,
  "val_freshness_auc": 1.0,
  "val_joint_accuracy": 0.9991,
  "val_joint_precision": 0.9992,
  "val_joint_recall": 0.9992,
  "val_joint_f1": 0.9992,
  "params": 2505033
}
