WARNING: All log messages before absl::InitializeLog() is called are written to STDERR
I0000 00:00:1791009974.582845   26824 port.cc:153] oneDNN custom operations are on. You may see slightly different numerical results due to floating-point round-off errors from different computation orders. To turn them off, set the environment variable `TF_ENABLE_ONEDNN_OPTS=0`.
WARNING: All log messages before absl::InitializeLog() is called are written to STDERR
I0000 00:00:1791009980.838189   26824 port.cc:153] oneDNN custom operations are on. You may see slightly different numerical results due to floating-point round-off errors from different computation orders. To turn them off, set the environment variable `TF_ENABLE_ONEDNN_OPTS=0`.
WARNING:tensorflow:TensorFlow GPU support is not available on native Windows for TensorFlow >= 2.11. Even if CUDA/cuDNN are installed, GPU will not be used. Please use WSL2 or the TensorFlow-DirectML plugin.
D:\code\DL Project\.venv\Lib\site-packages\keras\src\trainers\epoch_iterator.py:74: UserWarning: `shuffle=True` was passed, but will be ignored since the data `x` was provided as a tf.data.Dataset. The Dataset is expected to already be shuffled (via `.shuffle(buffer_size)`).
  self.data_adapter = data_adapters.get_data_adapter(
Epoch 1/40
323/323 - 474s - 1s/step - accuracy: 0.1654 - loss: 2.4534 - val_accuracy: 0.3291 - val_loss: 2.0290 - epoch_time: 473.1863 - learning_rate: 0.0010
Epoch 2/40
323/323 - 470s - 1s/step - accuracy: 0.3575 - loss: 1.8067 - val_accuracy: 0.4603 - val_loss: 1.3930 - epoch_time: 469.0677 - learning_rate: 0.0010
Epoch 3/40
323/323 - 432s - 1s/step - accuracy: 0.5448 - loss: 1.2813 - val_accuracy: 0.6201 - val_loss: 1.0189 - epoch_time: 431.7771 - learning_rate: 0.0010
Epoch 4/40
323/323 - 487s - 2s/step - accuracy: 0.6365 - loss: 1.0066 - val_accuracy: 0.6841 - val_loss: 0.8501 - epoch_time: 486.6378 - learning_rate: 0.0010
Epoch 5/40
323/323 - 515s - 2s/step - accuracy: 0.7106 - loss: 0.8117 - val_accuracy: 0.7649 - val_loss: 0.6652 - epoch_time: 514.1482 - learning_rate: 0.0010
Epoch 6/40
323/323 - 486s - 2s/step - accuracy: 0.7592 - loss: 0.6813 - val_accuracy: 0.7494 - val_loss: 0.6628 - epoch_time: 484.8060 - learning_rate: 0.0010
Epoch 7/40
323/323 - 469s - 1s/step - accuracy: 0.7940 - loss: 0.5933 - val_accuracy: 0.8143 - val_loss: 0.5336 - epoch_time: 468.4536 - learning_rate: 0.0010
Epoch 8/40
323/323 - 475s - 1s/step - accuracy: 0.8290 - loss: 0.4808 - val_accuracy: 0.8720 - val_loss: 0.3988 - epoch_time: 474.4638 - learning_rate: 0.0010
Epoch 9/40
323/323 - 470s - 1s/step - accuracy: 0.8497 - loss: 0.4334 - val_accuracy: 0.8647 - val_loss: 0.4060 - epoch_time: 469.6820 - learning_rate: 0.0010
Epoch 10/40
323/323 - 473s - 1s/step - accuracy: 0.8698 - loss: 0.3818 - val_accuracy: 0.8811 - val_loss: 0.3221 - epoch_time: 472.4523 - learning_rate: 0.0010
Epoch 11/40
323/323 - 476s - 1s/step - accuracy: 0.8824 - loss: 0.3361 - val_accuracy: 0.8992 - val_loss: 0.3007 - epoch_time: 475.2412 - learning_rate: 0.0010
Epoch 12/40
323/323 - 470s - 1s/step - accuracy: 0.8960 - loss: 0.3007 - val_accuracy: 0.8693 - val_loss: 0.4015 - epoch_time: 470.2218 - learning_rate: 0.0010
Epoch 13/40
323/323 - 474s - 1s/step - accuracy: 0.8931 - loss: 0.3200 - val_accuracy: 0.9069 - val_loss: 0.2758 - epoch_time: 473.4202 - learning_rate: 0.0010
Epoch 14/40
323/323 - 475s - 1s/step - accuracy: 0.9121 - loss: 0.2564 - val_accuracy: 0.9088 - val_loss: 0.3090 - epoch_time: 475.3218 - learning_rate: 0.0010
Epoch 15/40
323/323 - 472s - 1s/step - accuracy: 0.9193 - loss: 0.2437 - val_accuracy: 0.9392 - val_loss: 0.1962 - epoch_time: 471.2436 - learning_rate: 0.0010
Epoch 16/40
323/323 - 475s - 1s/step - accuracy: 0.9300 - loss: 0.2110 - val_accuracy: 0.9451 - val_loss: 0.1949 - epoch_time: 474.0884 - learning_rate: 0.0010
Epoch 17/40
323/323 - 654s - 2s/step - accuracy: 0.9232 - loss: 0.2171 - val_accuracy: 0.8765 - val_loss: 0.3281 - epoch_time: 653.6239 - learning_rate: 0.0010
Epoch 18/40
323/323 - 579s - 2s/step - accuracy: 0.9240 - loss: 0.2298 - val_accuracy: 0.9274 - val_loss: 0.2351 - epoch_time: 578.8869 - learning_rate: 0.0010
Epoch 19/40
323/323 - 485s - 2s/step - accuracy: 0.9400 - loss: 0.1887 - val_accuracy: 0.9401 - val_loss: 0.1918 - epoch_time: 484.4832 - learning_rate: 0.0010
Epoch 20/40
323/323 - 312s - 965ms/step - accuracy: 0.9411 - loss: 0.1811 - val_accuracy: 0.9387 - val_loss: 0.2003 - epoch_time: 311.5868 - learning_rate: 0.0010
Epoch 21/40
323/323 - 285s - 882ms/step - accuracy: 0.9557 - loss: 0.1410 - val_accuracy: 0.9251 - val_loss: 0.2677 - epoch_time: 284.9224 - learning_rate: 0.0010
Epoch 22/40

Epoch 22: ReduceLROnPlateau reducing learning rate to 0.0003000000142492354.
323/323 - 405s - 1s/step - accuracy: 0.9410 - loss: 0.1856 - val_accuracy: 0.9242 - val_loss: 0.2587 - epoch_time: 405.4077 - learning_rate: 0.0010
Epoch 23/40
323/323 - 471s - 1s/step - accuracy: 0.9702 - loss: 0.0895 - val_accuracy: 0.9492 - val_loss: 0.1613 - epoch_time: 470.7201 - learning_rate: 3.0000e-04
Epoch 24/40
323/323 - 284s - 880ms/step - accuracy: 0.9785 - loss: 0.0668 - val_accuracy: 0.9555 - val_loss: 0.1656 - epoch_time: 284.0896 - learning_rate: 3.0000e-04
Epoch 25/40
323/323 - 261s - 809ms/step - accuracy: 0.9825 - loss: 0.0523 - val_accuracy: 0.9582 - val_loss: 0.1420 - epoch_time: 260.9520 - learning_rate: 3.0000e-04
Epoch 26/40
323/323 - 260s - 806ms/step - accuracy: 0.9809 - loss: 0.0555 - val_accuracy: 0.9614 - val_loss: 0.1326 - epoch_time: 259.8794 - learning_rate: 3.0000e-04
Epoch 27/40
323/323 - 376s - 1s/step - accuracy: 0.9814 - loss: 0.0597 - val_accuracy: 0.9641 - val_loss: 0.1111 - epoch_time: 375.9739 - learning_rate: 3.0000e-04
Epoch 28/40
323/323 - 274s - 848ms/step - accuracy: 0.9797 - loss: 0.0574 - val_accuracy: 0.9623 - val_loss: 0.1219 - epoch_time: 273.8472 - learning_rate: 3.0000e-04
Epoch 29/40
323/323 - 247s - 766ms/step - accuracy: 0.9828 - loss: 0.0514 - val_accuracy: 0.9646 - val_loss: 0.1328 - epoch_time: 247.3184 - learning_rate: 3.0000e-04
Epoch 30/40

Epoch 30: ReduceLROnPlateau reducing learning rate to 9.000000427477062e-05.
323/323 - 285s - 883ms/step - accuracy: 0.9818 - loss: 0.0525 - val_accuracy: 0.9591 - val_loss: 0.1580 - epoch_time: 285.3483 - learning_rate: 3.0000e-04
Epoch 31/40
323/323 - 251s - 777ms/step - accuracy: 0.9884 - loss: 0.0401 - val_accuracy: 0.9687 - val_loss: 0.1210 - epoch_time: 250.9144 - learning_rate: 9.0000e-05
Epoch 32/40
323/323 - 414s - 1s/step - accuracy: 0.9912 - loss: 0.0278 - val_accuracy: 0.9682 - val_loss: 0.1318 - epoch_time: 413.8020 - learning_rate: 9.0000e-05
Epoch 33/40

Epoch 33: ReduceLROnPlateau reducing learning rate to 2.700000040931627e-05.
323/323 - 237s - 733ms/step - accuracy: 0.9883 - loss: 0.0362 - val_accuracy: 0.9655 - val_loss: 0.1460 - epoch_time: 236.7889 - learning_rate: 9.0000e-05
Epoch 34/40
323/323 - 236s - 730ms/step - accuracy: 0.9903 - loss: 0.0270 - val_accuracy: 0.9714 - val_loss: 0.1237 - epoch_time: 235.9394 - learning_rate: 2.7000e-05
Epoch 35/40
323/323 - 236s - 730ms/step - accuracy: 0.9908 - loss: 0.0303 - val_accuracy: 0.9719 - val_loss: 0.1103 - epoch_time: 235.5317 - learning_rate: 2.7000e-05
Epoch 36/40
323/323 - 235s - 729ms/step - accuracy: 0.9890 - loss: 0.0298 - val_accuracy: 0.9737 - val_loss: 0.1183 - epoch_time: 235.4215 - learning_rate: 2.7000e-05
Epoch 37/40
323/323 - 236s - 730ms/step - accuracy: 0.9909 - loss: 0.0274 - val_accuracy: 0.9719 - val_loss: 0.1099 - epoch_time: 235.2943 - learning_rate: 2.7000e-05
Epoch 38/40
323/323 - 236s - 730ms/step - accuracy: 0.9901 - loss: 0.0276 - val_accuracy: 0.9723 - val_loss: 0.1130 - epoch_time: 235.6291 - learning_rate: 2.7000e-05
Epoch 39/40
323/323 - 235s - 729ms/step - accuracy: 0.9928 - loss: 0.0248 - val_accuracy: 0.9750 - val_loss: 0.1074 - epoch_time: 235.1181 - learning_rate: 2.7000e-05
Epoch 40/40
323/323 - 262s - 810ms/step - accuracy: 0.9922 - loss: 0.0236 - val_accuracy: 0.9750 - val_loss: 0.0978 - epoch_time: 261.2221 - learning_rate: 2.7000e-05
Restoring model weights from the end of the best epoch: 40.
{
  "run": "model1_simple_cnn",
  "model": "simple_cnn",
  "augmentation": true,
  "batch_size": 32,
  "seed": 42,
  "limit_per_class": null,
  "started": "2026-10-03T13:46:28",
  "learning_rate": 0.001,
  "max_epochs": 40,
  "epochs_trained": 40,
  "best_epoch": 40,
  "train_minutes": 255.9,
  "val_fruit_accuracy": 0.9814,
  "val_fruit_precision": 0.9821,
  "val_fruit_recall": 0.9818,
  "val_fruit_f1": 0.9818,
  "val_freshness_accuracy": 0.9873,
  "val_freshness_precision": 0.9818,
  "val_freshness_recall": 0.995,
  "val_freshness_f1": 0.9883,
  "val_freshness_macro_f1": 0.9872,
  "val_freshness_auc": 0.9992,
  "val_joint_accuracy": 0.975,
  "val_joint_precision": 0.9756,
  "val_joint_recall": 0.9753,
  "val_joint_f1": 0.9751,
  "params": 3751632
}
